Event id: 1 baseYear: 1403 occurrences: [{"jMonth":6,"jDate":1}]
Event id: 2 baseYear: 1403 occurrences: [{"jMonth":1,"jDate":22}]
Event id: 3 baseYear: 1403 occurrences: [{"jMonth":2,"jDate":7}]
Event id: 4 baseYear: 1403 occurrences: [{"jMonth":9,"jDate":30}]
Event id: 5 baseYear: 1403 occurrences: [{"jMonth":5,"jDate":28}]
Event id: 6 baseYear: 1403 occurrences: [{"jMonth":5,"jDate":10}]
Event id: 1 baseYear: 1403 occurrences: [{"jMonth":6,"jDate":1}]
Event id: 2 baseYear: 1402 occurrences: [{"jMonth":1,"jDate":11},{"jMonth":12,"jDate":30}]
Event id: 3 baseYear: 1403 occurrences: [{"jMonth":2,"jDate":7}]
Event id: 4 baseYear: 1403 occurrences: [{"jMonth":9,"jDate":30}]
Event id: 5 baseYear: 1403 occurrences: [{"jMonth":5,"jDate":28}]
Event id: 6 baseYear: 1403 occurrences: [{"jMonth":5,"jDate":10}]
